   [前置] 沙箱 4310 存活=true(共用前置件)
   [自动化] 已连接 9420
   [自动化] 造态 0 张：开始重进首页
   [自动化] 造态 0 张：已重进首页
   [自动化] 当前页面 pages/home/index
   [0] data=0 · 标题 1 · 人气卡 不存在 · 兜底卡 4 · 真话块 不存在 · 有内容区块 3(容器 3)
   [自动化] 造态 1 张：开始重进首页
   [自动化] 造态 1 张：已重进首页
   [自动化] 当前页面 pages/home/index
   [1] data=1 · 标题 1 · 人气卡 不存在 · 兜底卡 4 · 真话块 不存在 · 有内容区块 3(容器 3)
   [自动化] 造态 2 张：开始重进首页
   [自动化] 造态 2 张：已重进首页
   [自动化] 当前页面 pages/home/index
   [2] data=2 · 标题 1 · 人气卡 2 · 兜底卡 不存在 · 真话块 不存在 · 有内容区块 3(容器 3)
   [自动化] 造态 3 张：开始重进首页
   [自动化] 造态 3 张：已重进首页
   [自动化] 当前页面 pages/home/index
   [3] data=3 · 标题 1 · 人气卡 3 · 兜底卡 不存在 · 真话块 不存在 · 有内容区块 3(容器 3)
ok 1 - ① 造态自证:四态 data 条数 = 造的条数(0/1/2/3),不是"设了没生效"(抽检位:顾客端首页·人气分区)
ok 2 - ② 0 卡态:该分区整块不出现(标题一并不出;光标题=承诺了有得挑却什么都没有)
ok 3 - ③ 1 卡态:该分区整块不出现(1 张占半幅右半空着 / 占满整行又比 2 卡态大一倍,两条路都更怪)
ok 4 - ④ 2 卡态:分区出现,两张同一行排满(1 行 × 2 列)
ok 5 - ⑤ 3 卡态:2 列 × 2 行 · 等宽(极差 ≤1px,亚像素舍入)· 等高
ok 6 - ⑥ 🔴 整体守(两个合法态):1 卡态 有内容区块 3 >= 3 或 真话块在场 0
ok 7 - ⑥b 0 卡态同守:区块 3 或 真话块 0
   [服务总数 0] 人气卡 不存在 · 兜底卡 不存在 · 真话块 1 · 有内容区块 3 · 真话 DOM 实读="店家还在准备服务项目"
ok 8 - ⑦ 服务总数 0 态:人气卡与兜底卡都不出现,**那句真话出现且有字**(不是空白块)
ok 9 - ⑧ 服务总数 0 态·整体守走第二个合法态:有内容区块 3 或 真话块 1

[mp-home-sections] all 9 checks passed(抽检位:顾客端首页·人气分区;四态 0/1/2/3 + 整体守下限 3)
